// Jest Snapshot v1, https://goo.gl/fbAQLP

exports[`renders correctly 1`] = `
<View
  style={
    Array [
      Object {
        "alignItems": "center",
        "backgroundColor": "#5000ca",
        "display": "flex",
        "height": 100,
        "justifyContent": "center",
      },
    ]
  }
>
  <View
    style={
      Array [
        Object {
          "alignItems": "center",
          "display": "flex",
          "justifyContent": "center",
        },
      ]
    }
  >
    <Text
      style={
        Array [
          Object {
            "color": "#fff",
            "fontFamily": "Antipasto Pro Demibold",
            "fontSize": 30,
            "textTransform": "uppercase",
          },
        ]
      }
      testID="title"
    >
      Repositorios
    </Text>
  </View>
  <RNSVGSvgView
    align="xMidYMid"
    bbHeight="100%"
    bbWidth="100%"
    focusable={false}
    height="100%"
    meetOrSlice={0}
    minX={0}
    minY={0}
    style={
      Array [
        Object {
          "backgroundColor": "transparent",
          "borderWidth": 0,
        },
        Object {
          "position": "absolute",
          "top": 80,
        },
        Object {
          "flex": 0,
          "height": "100%",
          "width": "100%",
        },
      ]
    }
    vbHeight={320}
    vbWidth={1440}
    width="100%"
  >
    <RNSVGGroup>
      <RNSVGPath
        d="M0,96L48,112C96,128,192,160,288,186.7C384,213,480,235,576,213.3C672,192,768,128,864,128C960,128,1056,192,1152,208C1248,224,1344,192,1392,176L1440,160L1440,0L1392,0C1344,0,1248,0,1152,0C1056,0,960,0,864,0C768,0,672,0,576,0C480,0,384,0,288,0C192,0,96,0,48,0L0,0Z"
        fill={4283433162}
        propList={
          Array [
            "fill",
          ]
        }
      />
    </RNSVGGroup>
  </RNSVGSvgView>
</View>
`;
